    Checking RusticSort v0.1.0 (/home/mahmoud/projects/RusticSort)
warning: unused import: `Settings`
 --> src/main.rs:5:25
  |
5 | use iced::{application, Settings};
  |                         ^^^^^^^^
  |
  = note: `#[warn(unused_imports)]` on by default

warning: `RusticSort` (bin "RusticSort") generated 1 warning (run `cargo fix --bin "RusticSort"` to apply 1 suggestion)
    Finished `dev` profile [unoptimized + debuginfo] target(s) in 0.25s
